npm warn Unknown cli config "--run". This will stop working in the next major version of npm.

> portfolio-template-react-vite@0.1.0 test
> vitest tests/sections.test.tsx


[7m[1m[34m DEV [39m[22m[27m [34mv1.6.1[39m [90mC:/Users/dgper/Proyectos/ZeroCode[39m

stderr | tests/sections.test.tsx > Portfolio Sections Render > Hero section renders with main heading
Warning: React does not recognize the `whileHover` prop on a DOM element. If you intentionally want it to appear in the DOM as a custom attribute, spell it as lowercase `whilehover` instead. If you accidentally passed it from a parent component, remove it from the DOM element.
    at button
    at button (C:\Users\dgper\Proyectos\ZeroCode\tests\setup.tsx:54:16)
    at C:\Users\dgper\Proyectos\ZeroCode\src\components\ui\Button.tsx:22:5
    at div
    at div (C:\Users\dgper\Proyectos\ZeroCode\tests\setup.tsx:4:13)
    at div
    at div (C:\Users\dgper\Proyectos\ZeroCode\tests\setup.tsx:4:13)
    at div
    at section
    at Hero
    at TestWrapper (C:\Users\dgper\Proyectos\ZeroCode\tests\sections.test.tsx:17:24)
Warning: React does not recognize the `whileTap` prop on a DOM element. If you intentionally want it to appear in the DOM as a custom attribute, spell it as lowercase `whiletap` instead. If you accidentally passed it from a parent component, remove it from the DOM element.
    at button
    at button (C:\Users\dgper\Proyectos\ZeroCode\tests\setup.tsx:54:16)
    at C:\Users\dgper\Proyectos\ZeroCode\src\components\ui\Button.tsx:22:5
    at div
    at div (C:\Users\dgper\Proyectos\ZeroCode\tests\setup.tsx:4:13)
    at div
    at div (C:\Users\dgper\Proyectos\ZeroCode\tests\setup.tsx:4:13)
    at div
    at section
    at Hero
    at TestWrapper (C:\Users\dgper\Proyectos\ZeroCode\tests\sections.test.tsx:17:24)

stderr | tests/sections.test.tsx > Portfolio Sections Render > About section renders with correct content
Warning: React does not recognize the `whileInView` prop on a DOM element. If you intentionally want it to appear in the DOM as a custom attribute, spell it as lowercase `whileinview` instead. If you accidentally passed it from a parent component, remove it from the DOM element.
    at div
    at div (C:\Users\dgper\Proyectos\ZeroCode\tests\setup.tsx:4:13)
    at SectionTitle (C:\Users\dgper\Proyectos\ZeroCode\src\components\ui\SectionTitle.tsx:10:3)
    at div
    at section
    at About
    at TestWrapper (C:\Users\dgper\Proyectos\ZeroCode\tests\sections.test.tsx:17:24)

stderr | tests/sections.test.tsx > Portfolio Sections Render > Projects section renders with project cards
Warning: React.jsx: type is invalid -- expected a string (for built-in components) or a class/function (for composite components) but got: undefined. You likely forgot to export your component from the file it's defined in, or you might have mixed up default and named imports.

Check your code at sections.test.tsx:60.
Error: Uncaught [Error: Element type is invalid: expected a string (for built-in components) or a class/function (for composite components) but got: undefined. You likely forgot to export your component from the file it's defined in, or you might have mixed up default and named imports.]
    at reportException (C:\Users\dgper\Proyectos\ZeroCode\node_modules\jsdom\lib\jsdom\living\helpers\runtime-script-errors.js:66:24)
    at innerInvokeEventListeners (C:\Users\dgper\Proyectos\ZeroCode\node_modules\jsdom\lib\jsdom\living\events\EventTarget-impl.js:353:9)
    at invokeEventListeners (C:\Users\dgper\Proyectos\ZeroCode\node_modules\jsdom\lib\jsdom\living\events\EventTarget-impl.js:286:3)
    at HTMLUnknownElementImpl._dispatch (C:\Users\dgper\Proyectos\ZeroCode\node_modules\jsdom\lib\jsdom\living\events\EventTarget-impl.js:233:9)
    at HTMLUnknownElementImpl.dispatchEvent (C:\Users\dgper\Proyectos\ZeroCode\node_modules\jsdom\lib\jsdom\living\events\EventTarget-impl.js:104:17)
    at HTMLUnknownElement.dispatchEvent (C:\Users\dgper\Proyectos\ZeroCode\node_modules\jsdom\lib\jsdom\living\generated\EventTarget.js:241:34)
    at Object.invokeGuardedCallbackDev (C:\Users\dgper\Proyectos\ZeroCode\node_modules\react-dom\cjs\react-dom.development.js:4213:16)
    at invokeGuardedCallback (C:\Users\dgper\Proyectos\ZeroCode\node_modules\react-dom\cjs\react-dom.development.js:4277:31)
    at beginWork$1 (C:\Users\dgper\Proyectos\ZeroCode\node_modules\react-dom\cjs\react-dom.development.js:27490:7)
    at performUnitOfWork (C:\Users\dgper\Proyectos\ZeroCode\node_modules\react-dom\cjs\react-dom.development.js:26599:12) Error: Element type is invalid: expected a string (for built-in components) or a class/function (for composite components) but got: undefined. You likely forgot to export your component from the file it's defined in, or you might have mixed up default and named imports.
    at createFiberFromTypeAndProps (C:\Users\dgper\Proyectos\ZeroCode\node_modules\react-dom\cjs\react-dom.development.js:28478:17)
    at createFiberFromElement (C:\Users\dgper\Proyectos\ZeroCode\node_modules\react-dom\cjs\react-dom.development.js:28504:15)
    at reconcileSingleElement (C:\Users\dgper\Proyectos\ZeroCode\node_modules\react-dom\cjs\react-dom.development.js:13986:23)
    at reconcileChildFibers (C:\Users\dgper\Proyectos\ZeroCode\node_modules\react-dom\cjs\react-dom.development.js:14044:35)
    at reconcileChildren (C:\Users\dgper\Proyectos\ZeroCode\node_modules\react-dom\cjs\react-dom.development.js:19186:28)
    at mountIndeterminateComponent (C:\Users\dgper\Proyectos\ZeroCode\node_modules\react-dom\cjs\react-dom.development.js:20186:5)
    at beginWork (C:\Users\dgper\Proyectos\ZeroCode\node_modules\react-dom\cjs\react-dom.development.js:21626:16)
    at HTMLUnknownElement.callCallback (C:\Users\dgper\Proyectos\ZeroCode\node_modules\react-dom\cjs\react-dom.development.js:4164:14)
    at HTMLUnknownElement.callTheUserObjectsOperation (C:\Users\dgper\Proyectos\ZeroCode\node_modules\jsdom\lib\jsdom\living\generated\EventListener.js:26:30)
    at innerInvokeEventListeners (C:\Users\dgper\Proyectos\ZeroCode\node_modules\jsdom\lib\jsdom\living\events\EventTarget-impl.js:350:25)
Error: Uncaught [Error: Element type is invalid: expected a string (for built-in components) or a class/function (for composite components) but got: undefined. You likely forgot to export your component from the file it's defined in, or you might have mixed up default and named imports.]
    at reportException (C:\Users\dgper\Proyectos\ZeroCode\node_modules\jsdom\lib\jsdom\living\helpers\runtime-script-errors.js:66:24)
    at innerInvokeEventListeners (C:\Users\dgper\Proyectos\ZeroCode\node_modules\jsdom\lib\jsdom\living\events\EventTarget-impl.js:353:9)
    at invokeEventListeners (C:\Users\dgper\Proyectos\ZeroCode\node_modules\jsdom\lib\jsdom\living\events\EventTarget-impl.js:286:3)
    at HTMLUnknownElementImpl._dispatch (C:\Users\dgper\Proyectos\ZeroCode\node_modules\jsdom\lib\jsdom\living\events\EventTarget-impl.js:233:9)
    at HTMLUnknownElementImpl.dispatchEvent (C:\Users\dgper\Proyectos\ZeroCode\node_modules\jsdom\lib\jsdom\living\events\EventTarget-impl.js:104:17)
    at HTMLUnknownElement.dispatchEvent (C:\Users\dgper\Proyectos\ZeroCode\node_modules\jsdom\lib\jsdom\living\generated\EventTarget.js:241:34)
    at Object.invokeGuardedCallbackDev (C:\Users\dgper\Proyectos\ZeroCode\node_modules\react-dom\cjs\react-dom.development.js:4213:16)
    at invokeGuardedCallback (C:\Users\dgper\Proyectos\ZeroCode\node_modules\react-dom\cjs\react-dom.development.js:4277:31)
    at beginWork$1 (C:\Users\dgper\Proyectos\ZeroCode\node_modules\react-dom\cjs\react-dom.development.js:27490:7)
    at performUnitOfWork (C:\Users\dgper\Proyectos\ZeroCode\node_modules\react-dom\cjs\react-dom.development.js:26599:12) Error: Element type is invalid: expected a string (for built-in components) or a class/function (for composite components) but got: undefined. You likely forgot to export your component from the file it's defined in, or you might have mixed up default and named imports.
    at createFiberFromTypeAndProps (C:\Users\dgper\Proyectos\ZeroCode\node_modules\react-dom\cjs\react-dom.development.js:28478:17)
    at createFiberFromElement (C:\Users\dgper\Proyectos\ZeroCode\node_modules\react-dom\cjs\react-dom.development.js:28504:15)
    at reconcileSingleElement (C:\Users\dgper\Proyectos\ZeroCode\node_modules\react-dom\cjs\react-dom.development.js:13986:23)
    at reconcileChildFibers (C:\Users\dgper\Proyectos\ZeroCode\node_modules\react-dom\cjs\react-dom.development.js:14044:35)
    at reconcileChildren (C:\Users\dgper\Proyectos\ZeroCode\node_modules\react-dom\cjs\react-dom.development.js:19186:28)
    at mountIndeterminateComponent (C:\Users\dgper\Proyectos\ZeroCode\node_modules\react-dom\cjs\react-dom.development.js:20186:5)
    at beginWork (C:\Users\dgper\Proyectos\ZeroCode\node_modules\react-dom\cjs\react-dom.development.js:21626:16)
    at HTMLUnknownElement.callCallback (C:\Users\dgper\Proyectos\ZeroCode\node_modules\react-dom\cjs\react-dom.development.js:4164:14)
    at HTMLUnknownElement.callTheUserObjectsOperation (C:\Users\dgper\Proyectos\ZeroCode\node_modules\jsdom\lib\jsdom\living\generated\EventListener.js:26:30)
    at innerInvokeEventListeners (C:\Users\dgper\Proyectos\ZeroCode\node_modules\jsdom\lib\jsdom\living\events\EventTarget-impl.js:350:25)
The above error occurred in the <TestWrapper> component:

    at TestWrapper (C:\Users\dgper\Proyectos\ZeroCode\tests\sections.test.tsx:17:24)

Consider adding an error boundary to your tree to customize error handling behavior.
Visit https://reactjs.org/link/error-boundaries to learn more about error boundaries.

 [33mÔØ»[39m tests/sections.test.tsx [2m ([22m[2m5 tests[22m [2m|[22m [31m1 failed[39m[2m)[22m[90m 197[2mms[22m[39m
[31m   [33mÔØ»[31m tests/sections.test.tsx[2m > [22mPortfolio Sections Render[2m > [22mProjects section renders with project cards[39m
[31m     ÔåÆ Element type is invalid: expected a string (for built-in components) or a class/function (for composite components) but got: undefined. You likely forgot to export your component from the file it's defined in, or you might have mixed up default and named imports.[39m

ÔÄ»ÔÄ»ÔÄ»ÔÄ»ÔÄ»ÔÄ»ÔÄ» Failed Tests 1 ÔÄ»ÔÄ»ÔÄ»ÔÄ»ÔÄ»ÔÄ»ÔÄ»

 FAIL  tests/sections.test.tsx > Portfolio Sections Render > Projects section renders with project cards
Error: Element type is invalid: expected a string (for built-in components) or a class/function (for composite components) but got: undefined. You likely forgot to export your component from the file it's defined in, or you might have mixed up default and named imports.
 ÔØ» createFiberFromTypeAndProps node_modules/react-dom/cjs/react-dom.development.js:28478:17
 ÔØ» createFiberFromElement node_modules/react-dom/cjs/react-dom.development.js:28504:15
 ÔØ» reconcileSingleElement node_modules/react-dom/cjs/react-dom.development.js:13986:23
 ÔØ» reconcileChildFibers node_modules/react-dom/cjs/react-dom.development.js:14044:35
 ÔØ» reconcileChildren node_modules/react-dom/cjs/react-dom.development.js:19186:28
 ÔØ» mountIndeterminateComponent node_modules/react-dom/cjs/react-dom.development.js:20186:5
 ÔØ» beginWork node_modules/react-dom/cjs/react-dom.development.js:21626:16
 ÔØ» beginWork$1 node_modules/react-dom/cjs/react-dom.development.js:27465:14
 ÔØ» performUnitOfWork node_modules/react-dom/cjs/react-dom.development.js:26599:12
 ÔØ» workLoopSync node_modules/react-dom/cjs/react-dom.development.js:26505:5

ÔÄ»ÔÄ»ÔÄ»ÔÄ»ÔÄ»ÔÄ»ÔÄ»ÔÄ»ÔÄ»ÔÄ»ÔÄ»ÔÄ»ÔÄ»ÔÄ»ÔÄ»ÔÄ»ÔÄ»ÔÄ»ÔÄ»ÔÄ»ÔÄ»ÔÄ»ÔÄ»ÔÄ»[1/1]ÔÄ»

[2m Test Files [22m [1m[31m1 failed[39m[22m[90m (1)[39m
[2m      Tests [22m [1m[31m1 failed[39m[22m[2m | [22m[1m[32m4 passed[39m[22m[90m (5)[39m
[2m   Start at [22m 01:56:48
[2m   Duration [22m 1.91s[2m (transform 158ms, setup 301ms, collect 259ms, tests 197ms, environment 470ms, prepare 137ms)[22m


[1m[7m[31m FAIL [39m[27m[22m[31m Tests failed. Watching for file changes...[39m
       [2mpress [22m[1mh[22m[2m to show help[22m[2m, [22m[2mpress [22m[1mq[22m[2m to quit[22m
[3Jc
[7m[1m[34m RERUN [39m[22m[27m[2m src/components/sections/Projects.tsx[22m [34mx1[39m

stderr | tests/sections.test.tsx > Portfolio Sections Render > Hero section renders with main heading
Warning: React does not recognize the `whileHover` prop on a DOM element. If you intentionally want it to appear in the DOM as a custom attribute, spell it as lowercase `whilehover` instead. If you accidentally passed it from a parent component, remove it from the DOM element.
    at button
    at button (C:\Users\dgper\Proyectos\ZeroCode\tests\setup.tsx:54:16)
    at C:\Users\dgper\Proyectos\ZeroCode\src\components\ui\Button.tsx:22:5
    at div
    at div (C:\Users\dgper\Proyectos\ZeroCode\tests\setup.tsx:4:13)
    at div
    at div (C:\Users\dgper\Proyectos\ZeroCode\tests\setup.tsx:4:13)
    at div
    at section
    at Hero
    at TestWrapper (C:\Users\dgper\Proyectos\ZeroCode\tests\sections.test.tsx:17:24)
Warning: React does not recognize the `whileTap` prop on a DOM element. If you intentionally want it to appear in the DOM as a custom attribute, spell it as lowercase `whiletap` instead. If you accidentally passed it from a parent component, remove it from the DOM element.
    at button
    at button (C:\Users\dgper\Proyectos\ZeroCode\tests\setup.tsx:54:16)
    at C:\Users\dgper\Proyectos\ZeroCode\src\components\ui\Button.tsx:22:5
    at div
    at div (C:\Users\dgper\Proyectos\ZeroCode\tests\setup.tsx:4:13)
    at div
    at div (C:\Users\dgper\Proyectos\ZeroCode\tests\setup.tsx:4:13)
    at div
    at section
    at Hero
    at TestWrapper (C:\Users\dgper\Proyectos\ZeroCode\tests\sections.test.tsx:17:24)

stderr | tests/sections.test.tsx > Portfolio Sections Render > About section renders with correct content
Warning: React does not recognize the `whileInView` prop on a DOM element. If you intentionally want it to appear in the DOM as a custom attribute, spell it as lowercase `whileinview` instead. If you accidentally passed it from a parent component, remove it from the DOM element.
    at div
    at div (C:\Users\dgper\Proyectos\ZeroCode\tests\setup.tsx:4:13)
    at SectionTitle (C:\Users\dgper\Proyectos\ZeroCode\src\components\ui\SectionTitle.tsx:10:3)
    at div
    at section
    at About
    at TestWrapper (C:\Users\dgper\Proyectos\ZeroCode\tests\sections.test.tsx:17:24)

 [32mÔ£ô[39m tests/sections.test.tsx [2m ([22m[2m5 tests[22m[2m)[22m[90m 160[2mms[22m[39m

[2m Test Files [22m [1m[32m1 passed[39m[22m[90m (1)[39m
[2m      Tests [22m [1m[32m5 passed[39m[22m[90m (5)[39m
[2m   Start at [22m 01:57:49
[2m   Duration [22m 483ms


[1m[7m[32m PASS [39m[27m[22m[32m Waiting for file changes...[39m
       [2mpress [22m[1mh[22m[2m to show help[22m[2m, [22m[2mpress [22m[1mq[22m[2m to quit[22m
       [34mrerun x1[39m
[2K[1A[2K[G       [90mrerun x1[39m
[2K[1A[2K[G       [2m[90mrerun x1[39m[22m
[2K[1A[2K[G[3Jc
[7m[1m[34m RERUN [39m[22m[27m[2m src/features/projects/ecommerce/__tests__/integration.test.tsx[22m [34mx1[39m


[2m Test Files [22m [2mno tests[22m
[2m      Tests [22m [2mno tests[22m
[2m   Start at [22m 01:58:48
[2m   Duration [22m 0ms


[1m[7m[32m PASS [39m[27m[22m[32m Waiting for file changes...[39m
       [2mpress [22m[1mh[22m[2m to show help[22m[2m, [22m[2mpress [22m[1mq[22m[2m to quit[22m
       [34mrerun x1[39m
[2K[1A[2K[G       [90mrerun x1[39m
[2K[1A[2K[G       [2m[90mrerun x1[39m[22m
[2K[1A[2K[G[3Jc
[7m[1m[34m RERUN [39m[22m[27m[2m src/features/projects/ecommerce/__tests__/integration.test.tsx[22m [34mx2[39m


[2m Test Files [22m [2mno tests[22m
[2m      Tests [22m [2mno tests[22m
[2m   Start at [22m 01:59:13
[2m   Duration [22m 0ms


[1m[7m[32m PASS [39m[27m[22m[32m Waiting for file changes...[39m
       [2mpress [22m[1mh[22m[2m to show help[22m[2m, [22m[2mpress [22m[1mq[22m[2m to quit[22m
       [34mrerun x2[39m
[2K[1A[2K[G       [90mrerun x2[39m
[2K[1A[2K[G       [2m[90mrerun x2[39m[22m
[2K[1A[2K[G[3Jc
[7m[1m[34m RERUN [39m[22m[27m[2m src/components/sections/Projects.tsx[22m [34mx2[39m

stderr | tests/sections.test.tsx > Portfolio Sections Render > Hero section renders with main heading
Warning: React does not recognize the `whileHover` prop on a DOM element. If you intentionally want it to appear in the DOM as a custom attribute, spell it as lowercase `whilehover` instead. If you accidentally passed it from a parent component, remove it from the DOM element.
    at button
    at button (C:\Users\dgper\Proyectos\ZeroCode\tests\setup.tsx:54:16)
    at C:\Users\dgper\Proyectos\ZeroCode\src\components\ui\Button.tsx:22:5
    at div
    at div (C:\Users\dgper\Proyectos\ZeroCode\tests\setup.tsx:4:13)
    at div
    at div (C:\Users\dgper\Proyectos\ZeroCode\tests\setup.tsx:4:13)
    at div
    at section
    at Hero
    at TestWrapper (C:\Users\dgper\Proyectos\ZeroCode\tests\sections.test.tsx:17:24)
Warning: React does not recognize the `whileTap` prop on a DOM element. If you intentionally want it to appear in the DOM as a custom attribute, spell it as lowercase `whiletap` instead. If you accidentally passed it from a parent component, remove it from the DOM element.
    at button
    at button (C:\Users\dgper\Proyectos\ZeroCode\tests\setup.tsx:54:16)
    at C:\Users\dgper\Proyectos\ZeroCode\src\components\ui\Button.tsx:22:5
    at div
    at div (C:\Users\dgper\Proyectos\ZeroCode\tests\setup.tsx:4:13)
    at div
    at div (C:\Users\dgper\Proyectos\ZeroCode\tests\setup.tsx:4:13)
    at div
    at section
    at Hero
    at TestWrapper (C:\Users\dgper\Proyectos\ZeroCode\tests\sections.test.tsx:17:24)

stderr | tests/sections.test.tsx > Portfolio Sections Render > About section renders with correct content
Warning: React does not recognize the `whileInView` prop on a DOM element. If you intentionally want it to appear in the DOM as a custom attribute, spell it as lowercase `whileinview` instead. If you accidentally passed it from a parent component, remove it from the DOM element.
    at div
    at div (C:\Users\dgper\Proyectos\ZeroCode\tests\setup.tsx:4:13)
    at SectionTitle (C:\Users\dgper\Proyectos\ZeroCode\src\components\ui\SectionTitle.tsx:10:3)
    at div
    at section
    at About
    at TestWrapper (C:\Users\dgper\Proyectos\ZeroCode\tests\sections.test.tsx:17:24)

 [32mÔ£ô[39m tests/sections.test.tsx [2m ([22m[2m5 tests[22m[2m)[22m[90m 271[2mms[22m[39m

[2m Test Files [22m [1m[32m1 passed[39m[22m[90m (1)[39m
[2m      Tests [22m [1m[32m5 passed[39m[22m[90m (5)[39m
[2m   Start at [22m 02:08:06
[2m   Duration [22m 811ms


[1m[7m[32m PASS [39m[27m[22m[32m Waiting for file changes...[39m
       [2mpress [22m[1mh[22m[2m to show help[22m[2m, [22m[2mpress [22m[1mq[22m[2m to quit[22m
       [34mrerun x2[39m
[2K[1A[2K[G       [90mrerun x2[39m
[2K[1A[2K[G       [2m[90mrerun x2[39m[22m
